
--- Simulation: 15-Turn Conversation ---

Turn 1 [CONCERN]
Scammer: Your account is blocked. Verify now.
Agent  : Please help me, I don't want to lose my money.
--------------------------------------------------
Turn 2 [CONCERN]
Scammer: Click the link to verify.
Agent  : Is this about the message I just received? I'm confused.
--------------------------------------------------
Turn 3 [CONCERN]
Scammer: Why are you not replying? It is urgent.
Agent  : Oh no! My account is blocked? What happened?
--------------------------------------------------
Turn 4 [HESITATION]
Scammer: Sir, just give me the OTP sent to your phone.
Agent  : Can you give me a reference number or a contact to call back?
--------------------------------------------------
Turn 5 [HESITATION]
Scammer: I am from the bank. Trust me.
Agent  : Which company are you calling from exactly? There are so many scams these days.
--------------------------------------------------
Turn 6 [HESITATION]
Scammer: If you don't do it, you lose money.
Agent  : Can you give me a reference number or a contact to call back?
--------------------------------------------------
Turn 7 [HESITATION]
Scammer: Tell me your card number.
Agent  : Which company are you calling from exactly? There are so many scams these days.
--------------------------------------------------
Turn 8 [SUSPICION]
Scammer: Why is it taking so long?
Agent  : I'd rather go to the branch tomorrow. Is that okay?
--------------------------------------------------
Turn 9 [SUSPICION]
Scammer: Look, I will help you.
Agent  : I saw a news report about fraud recently. Are you sure you are from the bank?
--------------------------------------------------
Turn 10 [SUSPICION]
Scammer: Send the code now!
Agent  : This feels weird. Why do you need that detail?
--------------------------------------------------
Turn 11 [SUSPICION]
Scammer: This is the last warning.
Agent  : I saw a news report about fraud recently. Are you sure you are from the bank?
--------------------------------------------------
Turn 12 [SUSPICION]
Scammer: Are you there?
Agent  : I saw a news report about fraud recently. Are you sure you are from the bank?
--------------------------------------------------
Turn 13 [EXIT]
Scammer: Hello?
Agent  : I'm not comfortable proceeding. I'll contact customer support directly.
--------------------------------------------------
Turn 14 [EXIT]
Scammer: I will close your account.
Agent  : I'm not comfortable proceeding. I'll contact customer support directly.
--------------------------------------------------
Turn 15 [EXIT]
Scammer: Fine, do what you want.
Agent  : I have to go now. I'll handle this later.
--------------------------------------------------
